// Jest Snapshot v1, https://goo.gl/fbAQLP

exports[`Home page matches snapshot 1`] = `
<div
  className="mt-6 col-lg-6 col-md-6 col-sm-12 col-md offset-lg-3 offset-md-2 indexContent"
>
  <h2>
    Kyso Frontend Interview Project
  </h2>
  <div>
    <h6
      className="mt-5"
    >
      by Ben Quarshie
    </h6>
    <button
      className="mt-5 btn btn-primary btn-lg"
      onClick={[Function]}
    >
      View Reports
      <svg
        aria-hidden="true"
        className="svg-inline--fa fa-arrow-right fa-w-14 "
        data-icon="arrow-right"
        data-prefix="fas"
        focusable="false"
        role="img"
        style={Object {}}
        viewBox="0 0 448 512"
        xmlns="http://www.w3.org/2000/svg"
      >
        <path
          d="M190.5 66.9l22.2-22.2c9.4-9.4 24.6-9.4 33.9 0L441 239c9.4 9.4 9.4 24.6 0 33.9L246.6 467.3c-9.4 9.4-24.6 9.4-33.9 0l-22.2-22.2c-9.5-9.5-9.3-25 .4-34.3L311.4 296H24c-13.3 0-24-10.7-24-24v-32c0-13.3 10.7-24 24-24h287.4L190.9 101.2c-9.8-9.3-10-24.8-.4-34.3z"
          fill="currentColor"
          style={Object {}}
        />
      </svg>
    </button>
  </div>
</div>
`;
